// Jest Snapshot v1, https://goo.gl/fbAQLP

exports[`BigColorPicker it should render a button with radio 1`] = `
<aux>
  <button
    className="Button"
    onClick={[Function]}
  >
    <table
      className="Table"
    >
      <tbody>
        <tr>
          <td>
            <div
              className="ColorDiv"
              style={
                Object {
                  "background": "rgba(200, 200, 200, 1)",
                }
              }
            />
          </td>
        </tr>
        <tr>
          <td>
            Background
          </td>
        </tr>
      </tbody>
    </table>
  </button>
</aux>
`;
