// Jest Snapshot v1, https://goo.gl/fbAQLP

exports[`BigButtonWithCheckbox it should render a button with radio 1`] = `
<button
  className="Button"
  onClick={[Function]}
>
  <table
    className="Table"
  >
    <tbody>
      <tr>
        <td>
          <Svg />
        </td>
      </tr>
      <tr>
        <td>
          <input
            checked={false}
            onChange={[Function]}
            type="radio"
          />
          Button
        </td>
      </tr>
    </tbody>
  </table>
</button>
`;
