// Jest Snapshot v1, https://goo.gl/fbAQLP

exports[`ValueInput it should render button with onclick null when disabled 1`] = `
<ValueInput
  boxesValues="{}"
  changedStyleValues="[]"
  sectionValues="{}"
>
  <div
    className="Div"
  >
    <input
      className="Input"
      onChange={[Function]}
      type="text"
      value={0}
    />
  </div>
</ValueInput>
`;
