// Jest Snapshot v1, https://goo.gl/fbAQLP

exports[`ToolSet it should render a table 1`] = `
<aux>
  <table
    className="ToolsSet"
    key="sections"
  >
    <tbody>
      <tr>
        <Connect(Sections) />
      </tr>
    </tbody>
  </table>
  <table
    className="ToolsSet active"
    key="boxes"
  >
    <tbody>
      <tr>
        <Connect(Boxes) />
      </tr>
    </tbody>
  </table>
</aux>
`;
