// Jest Snapshot v1, https://goo.gl/fbAQLP

exports[`BoxControls it should render 1 div 1`] = `
<div
  onMouseDown={[Function]}
  style={
    Object {
      "background": "#eee",
      "border": "1px solid #ccc",
      "bottom": "-6px",
      "boxSizing": "border-box",
      "color": "#555",
      "cursor": "row-resize",
      "fontFamily": "arial",
      "fontSize": "11px",
      "height": "13px",
      "left": "0px",
      "lineHeight": "10px",
      "margin": "0px 50px",
      "padding": "0px 3px",
      "position": "absolute",
      "right": "0px",
      "userSelect": "none",
      "width": "45px",
      "zIndex": "1000",
    }
  }
>
  Height
</div>
`;
