// Jest Snapshot v1, https://goo.gl/fbAQLP

exports[`NavigationItems it should render button with onclick null when disabled 1`] = `
<aux>
  <ul
    className="NavigationItems"
  >
    <Connect(NavigationItem)
      type="sections"
    >
      Sections
    </Connect(NavigationItem)>
    <Connect(NavigationItem)
      type="boxes"
    >
      Boxes
    </Connect(NavigationItem)>
    <ul
      className="NavigationItemsRight"
    >
      <NavigationItemButtonDropDown
        dropDownType="pageZoom"
        icon="<svg height=\\"20\\" viewBox=\\"0 0 24 24\\" width=\\"20\\"><path d=\\"M12.5 8c-2.65 0-5.05.99-6.9 2.6L2 7v9h9l-3.62-3.62c1.39-1.16 3.16-1.88 5.12-1.88 3.54 0 6.55 2.31 7.6 5.5l2.37-.78C21.08 11.03 17.15 8 12.5 8z\\"></path></svg>"
      />
      <Connect(UndoRedo) />
    </ul>
  </ul>
</aux>
`;
